node.exe : 
At line:1 char:1
+ & "C:\Program 
Files\nodejs/node.exe" 
"C:\Program 
Files\nodejs/node_mo ...
+ ~~~~~~~~~~~~~~~~~~~~~~~~
~~~~~~~~~~~~~~~~~~~~~~~~~~
~~~~~~~~~~~~~~~~~~~
    + CategoryInfo        
      : NotSpecified: (:  
  String) [], RemoteExc   
 eption
    + FullyQualifiedError 
   Id : NativeCommandErr  
  or
 
Warning: E:/Meltas/Farm_Ma
nagement/Farm_Management_U
I/farm_management_UI/src/a
pp/dashboard/dashboard.com
ponent.css exceeded 
maximum budget. Budget 
2.00 kB was not met by 
3.21 kB with a total of 
5.21 kB.

Warning: E:/Meltas/Farm_Ma
nagement/Farm_Management_U
I/farm_management_UI/src/a
pp/field-management/field-
management.component.css 
exceeded maximum budget. 
Budget 2.00 kB was not 
met by 2.74 kB with a 
total of 4.74 kB.

Warning: E:/Meltas/Farm_Ma
nagement/Farm_Management_U
I/farm_management_UI/src/a
pp/financial-tracking/fina
ncial-tracking.component.c
ss exceeded maximum 
budget. Budget 2.00 kB 
was not met by 3.26 kB 
with a total of 5.26 kB.

Warning: E:/Meltas/Farm_Ma
nagement/Farm_Management_U
I/farm_management_UI/src/a
pp/inventory-control/inven
tory-control.component.css
 exceeded maximum budget. 
Budget 2.00 kB was not 
met by 4.46 kB with a 
total of 6.46 kB.

Warning: E:/Meltas/Farm_Ma
nagement/Farm_Management_U
I/farm_management_UI/src/a
pp/livestock-monitoring/li
vestock-monitoring.compone
nt.css exceeded maximum 
budget. Budget 2.00 kB 
was not met by 4.16 kB 
with a total of 6.16 kB.

Warning: E:/Meltas/Farm_Ma
nagement/Farm_Management_U
I/farm_management_UI/src/a
pp/task-scheduling/task-sc
heduling.component.css 
exceeded maximum budget. 
Budget 2.00 kB was not 
met by 3.81 kB with a 
total of 5.81 kB.

Warning: E:/Meltas/Farm_Ma
nagement/Farm_Management_U
I/farm_management_UI/src/a
pp/weather-integration/wea
ther-integration.component
.css exceeded maximum 
budget. Budget 2.00 kB 
was not met by 2.30 kB 
with a total of 4.30 kB.

Warning: E:/Meltas/Farm_Ma
nagement/Farm_Management_U
I/farm_management_UI/src/a
pp/workers/workers.compone
nt.css exceeded maximum 
budget. Budget 2.00 kB 
was not met by 4.76 kB 
with a total of 6.76 kB.



Error: src/app/dashboard/d
ashboard.component.html:36
:42 - error NG8002: Can't 
bind to 'routerLink' 
since it isn't a known 
property of 'a'.

36       <a *ngFor="let 
link of quickLinks" 
[routerLink]="link.route" 
class="nav-card 
glass-panel shadow-hover">
                          
                  
~~~~~~~~~~~~~~~~~~~~~~~~~

  src/app/dashboard/dashbo
ard.component.ts:5:16
    5   templateUrl: './da
shboard.component.html',
                     ~~~~~
~~~~~~~~~~~~~~~~~~~~~~~
    Error occurs in the 
template of component 
DashboardComponent.


Error: src/app/workers/wor
kers.component.html:10:28 
- error NG8002: Can't 
bind to 'ngModel' since 
it isn't a known property 
of 'input'.

10         <input 
type="text" 
[(ngModel)]="searchQuery" 
(ngModelChange)="applyFilt
ers()" 
placeholder="Search names 
or roles..." 
class="search-input">
                          
    
~~~~~~~~~~~~~~~~~~~~~~~~~

  src/app/workers/workers.
component.ts:16:16
    16   templateUrl: './w
orkers.component.html',
                      
~~~~~~~~~~~~~~~~~~~~~~~~~~
    Error occurs in the 
template of component 
WorkersComponent.


Error: src/app/workers/wor
kers.component.html:10:41 
- error TS2322: Type 
'Event' is not assignable 
to type 'string'.

10         <input 
type="text" 
[(ngModel)]="searchQuery" 
(ngModelChange)="applyFilt
ers()" 
placeholder="Search names 
or roles..." 
class="search-input">
                          
                 
~~~~~~~~~~~~~~~~~~~

  src/app/workers/workers.
component.ts:16:16
    16   templateUrl: './w
orkers.component.html',
                      
~~~~~~~~~~~~~~~~~~~~~~~~~~
    Error occurs in the 
template of component 
WorkersComponent.


Error: src/app/workers/wor
kers.component.html:13:37 
- error NG8002: Can't 
bind to 'ngModel' since 
it isn't a known property 
of 'select'.

13         <select 
class="form-select" 
[(ngModel)]="roleFilter" (
ngModelChange)="applyFilte
rs()">
                          
             
~~~~~~~~~~~~~~~~~~~~~~~~

  src/app/workers/workers.
component.ts:16:16
    16   templateUrl: './w
orkers.component.html',
                      
~~~~~~~~~~~~~~~~~~~~~~~~~~
    Error occurs in the 
template of component 
WorkersComponent.


Error: src/app/workers/wor
kers.component.html:13:50 
- error TS2322: Type 
'Event' is not assignable 
to type 'string'.

13         <select 
class="form-select" 
[(ngModel)]="roleFilter" (
ngModelChange)="applyFilte
rs()">
                          
                          
~~~~~~~~~~~~~~~~~~

  src/app/workers/workers.
component.ts:16:16
    16   templateUrl: './w
orkers.component.html',
                      
~~~~~~~~~~~~~~~~~~~~~~~~~~
    Error occurs in the 
template of component 
WorkersComponent.


Error: src/app/workers/wor
kers.component.html:40:81 
- error NG8002: Can't 
bind to 'ngClass' since 
it isn't a known property 
of 'div'.

40     <div *ngFor="let 
worker of 
filteredWorkers" 
class="worker-card 
glass-panel" [ngClass]="{'
border-warn': 
worker.status !== 
'Active'}">
                          
                          
                          
     ~~~~~~~~~~~~~~~~~~~~~
~~~~~~~~~~~~~~~~~~~~~~~~~~
~~~~~~~~

  src/app/workers/workers.
component.ts:16:16
    16   templateUrl: './w
orkers.component.html',
                      
~~~~~~~~~~~~~~~~~~~~~~~~~~
    Error occurs in the 
template of component 
WorkersComponent.


Error: src/app/workers/wor
kers.component.html:44:34 
- error NG8002: Can't 
bind to 'ngClass' since 
it isn't a known property 
of 'div'.

44           <div 
class="avatar-lg" 
[ngClass]="{'bg-gray': 
worker.status !== 
'Active', 'bg-primary': 
worker.status === 
'Active'}">
                          
          ~~~~~~~~~~~~~~~~
~~~~~~~~~~~~~~~~~~~~~~~~~~
~~~~~~~~~~~~~~~~~~~~~~~~~~
~~~~~~~~~~~~~~~~~~~~~~~~~

  src/app/workers/workers.
component.ts:16:16
    16   templateUrl: './w
orkers.component.html',
                      
~~~~~~~~~~~~~~~~~~~~~~~~~~
    Error occurs in the 
template of component 
WorkersComponent.


Error: src/app/workers/wor
kers.component.html:58:39 
- error NG8002: Can't 
bind to 'ngClass' since 
it isn't a known property 
of 'div'.

 58         <div 
class="status-indicator" 
[ngClass]="{
                          
                
~~~~~~~~~~~~
 59             
'status-active': 
worker.status === 
'Active',
    ~~~~~~~~~~~~~~~~~~~~~~
~~~~~~~~~~~~~~~~~~~~~~~~~~
~~~~~~~~
... 
 61             
'status-sick': 
worker.status === 'Sick'
    ~~~~~~~~~~~~~~~~~~~~~~
~~~~~~~~~~~~~~~~~~~~~~~~~~
~~~
 62           }">
    ~~~~~~~~~~~~

  src/app/workers/workers.
component.ts:16:16
    16   templateUrl: './w
orkers.component.html',
                      
~~~~~~~~~~~~~~~~~~~~~~~~~~
    Error occurs in the 
template of component 
WorkersComponent.


Error: src/app/workers/wor
kers.component.html:84:65 
- error NG8004: No pipe 
found with name 'date'.

84             <span 
class="stat-num 
text-sm">{{ 
worker.joinDate | 
date:'y' }}</span>
                          
                          
               ~~~~

  src/app/workers/workers.
component.ts:16:16
    16   templateUrl: './w
orkers.component.html',
                      
~~~~~~~~~~~~~~~~~~~~~~~~~~
    Error occurs in the 
template of component 
WorkersComponent.


Error: src/app/workers/wor
kers.component.html:91:51 
- error NG8002: Can't 
bind to 'ngModel' since 
it isn't a known property 
of 'select'.

91         <select 
class="form-select 
status-select" 
[ngModel]="worker.status" 
(ngModelChange)="updateSta
tus(worker, $event)">
                          
                          
 ~~~~~~~~~~~~~~~~~~~~~~~~~

  src/app/workers/workers.
component.ts:16:16
    16   templateUrl: './w
orkers.component.html',
                      
~~~~~~~~~~~~~~~~~~~~~~~~~~
    Error occurs in the 
template of component 
WorkersComponent.


Error: src/app/workers/wor
kers.component.html:91:115
 - error TS2345: Argument 
of type 'Event' is not 
assignable to parameter 
of type '"Active" | "On 
Leave" | "Sick"'.

91         <select 
class="form-select 
status-select" 
[ngModel]="worker.status" 
(ngModelChange)="updateSta
tus(worker, $event)">
                          
                          
                          
                          
             ~~~~~~

  src/app/workers/workers.
component.ts:16:16
    16   templateUrl: './w
orkers.component.html',
                      
~~~~~~~~~~~~~~~~~~~~~~~~~~
    Error occurs in the 
template of component 
WorkersComponent.


Error: src/app/workers/wor
kers.component.html:111:30
 - error NG8002: Can't 
bind to 'ngModel' since 
it isn't a known property 
of 'input'.

111           <input 
type="text" [(ngModel)]="n
ewWorker.name" 
class="form-input" 
placeholder="e.g. Jane 
Smith">
                          
       ~~~~~~~~~~~~~~~~~~~
~~~~~~~~~

  src/app/workers/workers.
component.ts:16:16
    16   templateUrl: './w
orkers.component.html',
                      
~~~~~~~~~~~~~~~~~~~~~~~~~~
    Error occurs in the 
template of component 
WorkersComponent.


Error: src/app/workers/wor
kers.component.html:111:43
 - error TS2322: Type 
'Event' is not assignable 
to type 'string'.

111           <input 
type="text" [(ngModel)]="n
ewWorker.name" 
class="form-input" 
placeholder="e.g. Jane 
Smith">
                          
                    
~~~~~~~~~~~~~~~~~~~~~~

  src/app/workers/workers.
component.ts:16:16
    16   templateUrl: './w
orkers.component.html',
                      
~~~~~~~~~~~~~~~~~~~~~~~~~~
    Error occurs in the 
template of component 
WorkersComponent.


Error: src/app/workers/wor
kers.component.html:115:19
 - error NG8002: Can't 
bind to 'ngModel' since 
it isn't a known property 
of 'select'.

115           <select [(ng
Model)]="newWorker.role" 
class="form-input">
                      ~~~~
~~~~~~~~~~~~~~~~~~~~~~~~

  src/app/workers/workers.
component.ts:16:16
    16   templateUrl: './w
orkers.component.html',
                      
~~~~~~~~~~~~~~~~~~~~~~~~~~
    Error occurs in the 
template of component 
WorkersComponent.


Error: src/app/workers/wor
kers.component.html:115:32
 - error TS2322: Type 
'Event' is not assignable 
to type 'string'.

115           <select [(ng
Model)]="newWorker.role" 
class="form-input">
                          
         
~~~~~~~~~~~~~~~~~~~~~~

  src/app/workers/workers.
component.ts:16:16
    16   templateUrl: './w
orkers.component.html',
                      
~~~~~~~~~~~~~~~~~~~~~~~~~~
    Error occurs in the 
template of component 
WorkersComponent.


Error: src/app/workers/wor
kers.component.html:124:29
 - error NG8002: Can't 
bind to 'ngModel' since 
it isn't a known property 
of 'input'.

124           <input 
type="tel" [(ngModel)]="ne
wWorker.phone" 
class="form-input" 
placeholder="(555) 
000-0000">
                          
      ~~~~~~~~~~~~~~~~~~~~
~~~~~~~~~

  src/app/workers/workers.
component.ts:16:16
    16   templateUrl: './w
orkers.component.html',
                      
~~~~~~~~~~~~~~~~~~~~~~~~~~
    Error occurs in the 
template of component 
WorkersComponent.


Error: src/app/workers/wor
kers.component.html:124:42
 - error TS2322: Type 
'Event' is not assignable 
to type 'string'.

124           <input 
type="tel" [(ngModel)]="ne
wWorker.phone" 
class="form-input" 
placeholder="(555) 
000-0000">
                          
                   
~~~~~~~~~~~~~~~~~~~~~~~

  src/app/workers/workers.
component.ts:16:16
    16   templateUrl: './w
orkers.component.html',
                      
~~~~~~~~~~~~~~~~~~~~~~~~~~
    Error occurs in the 
template of component 
WorkersComponent.


Error: src/app/workers/wor
kers.component.html:128:31
 - error NG8002: Can't 
bind to 'ngModel' since 
it isn't a known property 
of 'input'.

128           <input 
type="email" [(ngModel)]="
newWorker.email" 
class="form-input" placeho
lder="jane@farm.local">
                          
        ~~~~~~~~~~~~~~~~~~
~~~~~~~~~~~

  src/app/workers/workers.
component.ts:16:16
    16   templateUrl: './w
orkers.component.html',
                      
~~~~~~~~~~~~~~~~~~~~~~~~~~
    Error occurs in the 
template of component 
WorkersComponent.


Error: src/app/workers/wor
kers.component.html:128:44
 - error TS2322: Type 
'Event' is not assignable 
to type 'string'.

128           <input 
type="email" [(ngModel)]="
newWorker.email" 
class="form-input" placeho
lder="jane@farm.local">
                          
                     
~~~~~~~~~~~~~~~~~~~~~~~

  src/app/workers/workers.
component.ts:16:16
    16   templateUrl: './w
orkers.component.html',
                      
~~~~~~~~~~~~~~~~~~~~~~~~~~
    Error occurs in the 
template of component 
WorkersComponent.


Error: src/app/workers/wor
kers.component.html:135:19
 - error NG8002: Can't 
bind to 'ngModel' since 
it isn't a known property 
of 'select'.

135           <select [(ng
Model)]="newWorker.status"
 class="form-input">
                      ~~~~
~~~~~~~~~~~~~~~~~~~~~~~~~~

  src/app/workers/workers.
component.ts:16:16
    16   templateUrl: './w
orkers.component.html',
                      
~~~~~~~~~~~~~~~~~~~~~~~~~~
    Error occurs in the 
template of component 
WorkersComponent.


Error: src/app/workers/wor
kers.component.html:135:32
 - error TS2322: Type 
'Event' is not assignable 
to type '"Active" | "On 
Leave" | "Sick" | 
undefined'.

135           <select [(ng
Model)]="newWorker.status"
 class="form-input">
                          
         
~~~~~~~~~~~~~~~~~~~~~~~~

  src/app/workers/workers.
component.ts:16:16
    16   templateUrl: './w
orkers.component.html',
                      
~~~~~~~~~~~~~~~~~~~~~~~~~~
    Error occurs in the 
template of component 
WorkersComponent.


Error: src/app/workers/wor
kers.component.html:141:30
 - error NG8002: Can't 
bind to 'ngModel' since 
it isn't a known property 
of 'input'.

141           <input 
type="date" [(ngModel)]="n
ewWorker.joinDate" 
class="form-input">
                          
       ~~~~~~~~~~~~~~~~~~~
~~~~~~~~~~~~~

  src/app/workers/workers.
component.ts:16:16
    16   templateUrl: './w
orkers.component.html',
                      
~~~~~~~~~~~~~~~~~~~~~~~~~~
    Error occurs in the 
template of component 
WorkersComponent.


Error: src/app/workers/wor
kers.component.html:141:43
 - error TS2322: Type 
'Event' is not assignable 
to type 'string'.

141           <input 
type="date" [(ngModel)]="n
ewWorker.joinDate" 
class="form-input">
                          
                    
~~~~~~~~~~~~~~~~~~~~~~~~~~

  src/app/workers/workers.
component.ts:16:16
    16   templateUrl: './w
orkers.component.html',
                      
~~~~~~~~~~~~~~~~~~~~~~~~~~
    Error occurs in the 
template of component 
WorkersComponent.


Error: E:/Meltas/Farm_Mana
gement/Farm_Management_UI/
farm_management_UI/src/app
/dashboard/dashboard.compo
nent.css exceeded maximum 
budget. Budget 4.00 kB 
was not met by 1.21 kB 
with a total of 5.21 kB.

Error: E:/Meltas/Farm_Mana
gement/Farm_Management_UI/
farm_management_UI/src/app
/field-management/field-ma
nagement.component.css 
exceeded maximum budget. 
Budget 4.00 kB was not 
met by 755 bytes with a 
total of 4.74 kB.

Error: E:/Meltas/Farm_Mana
gement/Farm_Management_UI/
farm_management_UI/src/app
/financial-tracking/financ
ial-tracking.component.css
 exceeded maximum budget. 
Budget 4.00 kB was not 
met by 1.26 kB with a 
total of 5.26 kB.

Error: E:/Meltas/Farm_Mana
gement/Farm_Management_UI/
farm_management_UI/src/app
/inventory-control/invento
ry-control.component.css 
exceeded maximum budget. 
Budget 4.00 kB was not 
met by 2.46 kB with a 
total of 6.46 kB.

Error: E:/Meltas/Farm_Mana
gement/Farm_Management_UI/
farm_management_UI/src/app
/livestock-monitoring/live
stock-monitoring.component
.css exceeded maximum 
budget. Budget 4.00 kB 
was not met by 2.16 kB 
with a total of 6.16 kB.

Error: E:/Meltas/Farm_Mana
gement/Farm_Management_UI/
farm_management_UI/src/app
/task-scheduling/task-sche
duling.component.css 
exceeded maximum budget. 
Budget 4.00 kB was not 
met by 1.81 kB with a 
total of 5.81 kB.

Error: E:/Meltas/Farm_Mana
gement/Farm_Management_UI/
farm_management_UI/src/app
/weather-integration/weath
er-integration.component.c
ss exceeded maximum 
budget. Budget 4.00 kB 
was not met by 304 bytes 
with a total of 4.30 kB.

Error: E:/Meltas/Farm_Mana
gement/Farm_Management_UI/
farm_management_UI/src/app
/workers/workers.component
.css exceeded maximum 
budget. Budget 4.00 kB 
was not met by 2.76 kB 
with a total of 6.76 kB.


